CREATE SCHEMA clock;
SET search_path TO clock;
SET citus.next_shard_id TO 920000;
--
-- Note: Test might become flaky as it relies on Citus Deamon actions, where
-- the scheduling of the daemon is not guaranteed.
--
-- Check the clock is *increasing*
--
SELECT * FROM citus_get_cluster_clock() \gset t1
SELECT * FROM citus_get_cluster_clock() \gset t2
SELECT * FROM citus_get_cluster_clock() \gset t3
SELECT :t2citus_get_cluster_clock > :t1citus_get_cluster_clock AS t2_greater_t1;
 t2_greater_t1
---------------------------------------------------------------------
 t
(1 row)

SELECT :t3citus_get_cluster_clock > :t2citus_get_cluster_clock AS t3_greater_t2;
 t3_greater_t2
---------------------------------------------------------------------
 t
(1 row)

--
-- Check if the latest clock value is persisted in the catalog
--
SELECT logical_clock_value FROM pg_dist_local_group \gset t1
/* get the current clock value */
SELECT * FROM citus_get_cluster_clock() \gset t2
/* wait for the daemon to save the clock */
SELECT pg_sleep(3);
 pg_sleep
---------------------------------------------------------------------

(1 row)

/* fetch the value from the catalog */
SELECT logical_clock_value FROM pg_dist_local_group \gset t3
SELECT :t3logical_clock_value > :t1logical_clock_value AS t3_greater_t1;
 t3_greater_t1
---------------------------------------------------------------------
 t
(1 row)

/* the value returned by citus_get_cluster_clock() must be persisted in the catalog */
SELECT :t2citus_get_cluster_clock = :t3logical_clock_value AS t2_saved_in_t3;
 t2_saved_in_t3
---------------------------------------------------------------------
 t
(1 row)

--
-- Check the value returned by citus_get_cluster_clock is close to Epoch in ms
--
SELECT (extract(epoch from now()) * 1000)::bigint AS epoch \gset
SELECT citus_get_cluster_clock() \gset
SELECT (:citus_get_cluster_clock - :epoch) < 100;
 ?column?
---------------------------------------------------------------------
 t
(1 row)

CREATE TABLE dist_table (id int, nonid int);
SELECT create_distributed_table('dist_table', 'id', colocate_with := 'none');
 create_distributed_table
---------------------------------------------------------------------

(1 row)

SHOW citus.enable_global_clock; -- Default should be false
 citus.enable_global_clock
---------------------------------------------------------------------
 off
(1 row)

BEGIN;
INSERT INTO dist_table SELECT generate_series(1, 10000, 1), 0;
SET client_min_messages TO DEBUG1;
COMMIT;
-- Turn on the global clock, commit should pick the greatest clock value
SET citus.enable_global_clock to ON;
BEGIN;
INSERT INTO dist_table SELECT generate_series(1, 10000, 1), 0;
DEBUG:  distributed INSERT ... SELECT can only select from distributed tables
DEBUG:  Collecting INSERT ... SELECT results on coordinator
SET client_min_messages TO DEBUG1;
COMMIT;
DEBUG:  Coordinator transaction clock xxxxxx
DEBUG:  Node(1) transaction clock xxxxxx
DEBUG:  Node(2) transaction clock xxxxxx
DEBUG:  Node(9) transaction clock xxxxxx
DEBUG:  Node(10) transaction clock xxxxxx
DEBUG:  Node(11) transaction clock xxxxxx
DEBUG:  Node(12) transaction clock xxxxxx
DEBUG:  Node(13) transaction clock xxxxxx
DEBUG:  Node(14) transaction clock xxxxxx
DEBUG:  Final global transaction clock xxxxxx
LOG:  Set transaction clock xxxxxx
RESET client_min_messages;
RESET citus.enable_global_clock;
DROP SCHEMA clock CASCADE;
NOTICE:  drop cascades to table dist_table
